(node:78016) ExperimentalWarning: Type Stripping is an experimental feature and might change at any time
(Use `node --trace-warnings ...` to show where the warning was created)
{
  "schemaVersion": 1,
  "developmentSessionId": "5c27e388-f429-4259-96bb-433fc59d1aa2",
  "acceptedBuildRevision": 1,
  "startedAt": "2026-08-04T20:39:54.810Z",
  "config": {
    "path": "/Users/josephduncan/github/emberwyrd/antikySite/antiky.config.json",
    "gameUrl": "http://127.0.0.1:3010/demos/town-study",
    "host": "127.0.0.1",
    "gamePort": 3010,
    "inspectionPort": 3011
  },
  "processes": {
    "game": {
      "state": "running",
      "pid": 77822
    },
    "shaders": {
      "state": "running",
      "pid": 77807
    }
  },
  "connection": {
    "state": "connected"
  },
  "cleanup": {
    "state": "active"
  },
  "build": {
    "owner": "cli",
    "revision": 1,
    "changeKind": "initial",
    "result": "ready"
  },
  "diagnostics": [],
  "measurements": {
    "owner": "cli",
    "launchMilliseconds": 5
  },
  "inspection": {
    "schemaVersion": 1,
    "runtime": {
      "instanceId": "57ca6386-f7b4-47e7-ba1b-1d69f5be3e1d",
      "lifecycle": "running"
    },
    "diagnostics": [],
    "measurements": {
      "runtime": {
        "owner": "framework",
        "frameCount": 55,
        "framesPerSecond": 104
      },
      "render": {
        "owner": "framework",
        "canvasWidth": 694,
        "canvasHeight": 512,
        "drawCalls": 16,
        "instances": 1247,
        "uploadBytesPerFrame": 1152
      }
    }
  }
}
