(node:98212) ExperimentalWarning: Type Stripping is an experimental feature and might change at any time
(Use `node --trace-warnings ...` to show where the warning was created)
{
  "schemaVersion": 1,
  "developmentSessionId": "9d20a44a-2188-473d-a71a-c152a0256df6",
  "acceptedBuildRevision": 1,
  "startedAt": "2026-08-04T20:52:15.471Z",
  "config": {
    "path": "/Users/josephduncan/github/emberwyrd/antikySite/antiky.config.json",
    "gameUrl": "http://127.0.0.1:3010/demos/town-study",
    "host": "127.0.0.1",
    "gamePort": 3010,
    "inspectionPort": 3011
  },
  "processes": {
    "game": {
      "state": "running",
      "pid": 98021
    },
    "shaders": {
      "state": "running",
      "pid": 98005
    }
  },
  "connection": {
    "state": "connected"
  },
  "cleanup": {
    "state": "active"
  },
  "build": {
    "owner": "cli",
    "revision": 1,
    "changeKind": "initial",
    "result": "ready"
  },
  "diagnostics": [],
  "measurements": {
    "owner": "cli",
    "launchMilliseconds": 6
  },
  "inspection": {
    "schemaVersion": 1,
    "runtime": {
      "instanceId": "1bafc100-2491-4a66-8f33-8f8fd7405f34",
      "lifecycle": "running"
    },
    "diagnostics": [],
    "measurements": {
      "runtime": {
        "owner": "framework",
        "frameCount": 55,
        "framesPerSecond": 105
      },
      "render": {
        "owner": "framework",
        "canvasWidth": 694,
        "canvasHeight": 512,
        "drawCalls": 16,
        "instances": 1247,
        "uploadBytesPerFrame": 1152
      }
    }
  }
}
