(node:93444) ExperimentalWarning: Type Stripping is an experimental feature and might change at any time
(Use `node --trace-warnings ...` to show where the warning was created)
{
  "schemaVersion": 1,
  "developmentSessionId": "fb393a71-2ff8-411a-be9b-4caed42b0232",
  "acceptedBuildRevision": 1,
  "startedAt": "2026-08-05T01:28:34.337Z",
  "config": {
    "path": "/Users/josephduncan/github/emberwyrd/antikySite/antiky.config.json",
    "gameUrl": "http://127.0.0.1:3010/",
    "host": "127.0.0.1",
    "gamePort": 3010,
    "inspectionPort": 3011,
    "viewport": {
      "width": 1280,
      "height": 720
    }
  },
  "processes": {
    "game": {
      "state": "running",
      "pid": 93257
    },
    "shaders": {
      "state": "running",
      "pid": 93242
    }
  },
  "connection": {
    "state": "connected"
  },
  "cleanup": {
    "state": "active"
  },
  "build": {
    "owner": "cli",
    "revision": 1,
    "changeKind": "initial",
    "result": "ready"
  },
  "diagnostics": [],
  "measurements": {
    "owner": "cli",
    "launchMilliseconds": 6
  },
  "inspection": {
    "schemaVersion": 1,
    "runtime": {
      "instanceId": "2407ebee-67d2-417d-abed-9552c7e133f9",
      "lifecycle": "running"
    },
    "diagnostics": [],
    "measurements": {
      "runtime": {
        "owner": "framework",
        "frameCount": 32,
        "framesPerSecond": 59
      },
      "render": {
        "owner": "framework",
        "canvasWidth": 579,
        "canvasHeight": 326,
        "drawCalls": 16,
        "instances": 1247,
        "uploadBytesPerFrame": 1152
      }
    }
  }
}
